 Elements:
 TR03           2           3           4
 QR04           1           2           4           5
 Nodes:
   0.0000000000000000        0.0000000000000000        0.0000000000000000     
   1.0000000000000000        0.0000000000000000        0.0000000000000000     
   2.0000000000000000       0.50000000000000000        0.0000000000000000     
   1.0000000000000000        1.0000000000000000        0.0000000000000000     
   0.0000000000000000        1.0000000000000000        0.0000000000000000     
 Boundary faces:
 LN02           2           4   11.000000000000000      T
